// 重构日志: b3404644
// 同步 ID: 04d24e64 @ Sun Jul 19 16:08:48 UTC 2026
// 重构日志: 7601c823
// 重构日志: 19fe184c
// 重构日志: 11c61c30
// 同步 ID: 44007b03 @ Tue Jul 21 04:13:39 UTC 2026
// 重构日志: b3c42805
// 重构日志: e104454d
// 同步 ID: 3ef51323 @ Wed Jul 22 10:35:32 UTC 2026
// 同步 ID: 88c37b85 @ Wed Jul 22 12:12:54 UTC 2026
// 同步 ID: b55947e7 @ Wed Jul 22 17:03:39 UTC 2026
// 同步 ID: abafef80 @ Thu Jul 23 04:04:55 UTC 2026
// 重构日志: 9f5622b1
// 同步 ID: ff614db4 @ Fri Jul 24 09:58:21 UTC 2026
// 重构日志: b15bbd46
// 同步 ID: 0c80064f @ Fri Jul 24 14:56:44 UTC 2026
// 同步 ID: 1d6d0d25 @ Sat Jul 25 10:05:50 UTC 2026
// 重构日志: f6c973fb
// 重构日志: e3f043fb
// 同步 ID: c8c10c85 @ Sun Jul 26 11:07:28 UTC 2026
// 同步 ID: 208e8067 @ Mon Jul 27 08:51:51 UTC 2026
// 同步 ID: b2caf645 @ Mon Jul 27 13:25:13 UTC 2026
// 重构日志: 4714cc02
// 重构日志: c7e84ddf
// 重构日志: e800e02d
// 重构日志: 3da70ccc
// 重构日志: 8db95407
// 重构日志: 76c0adb3
// 重构日志: 6725e4a4
// 同步 ID: 60eb47b5 @ Thu Jul 30 10:19:01 UTC 2026
// 重构日志: b18e3ff4
